<!-- wp:test/test-align-true -->
<div style="outline:1px solid gray;padding:5px" class="wp-block-test-test-align-true">Test Align Hook</div>
<!-- /wp:test/test-align-true -->