<!-- wp:test/test-default-align {"align":"center"} -->
<div style="outline:1px solid gray;padding:5px" class="wp-block-test-test-default-align aligncenter">Test Align Hook</div>
<!-- /wp:test/test-default-align -->