<!-- wp:test/test-align-array -->
<div style="outline:1px solid gray;padding:5px" class="wp-block-test-test-align-array">Test Align Hook</div>
<!-- /wp:test/test-align-array -->