<!-- wp:test/test-default-align {"align":""} -->
<div style="outline:1px solid gray;padding:5px" class="wp-block-test-test-default-align">Test Align Hook</div>
<!-- /wp:test/test-default-align -->